============================= test session starts =============================
platform win32 -- Python 3.11.4, pytest-9.0.2, pluggy-1.6.0 -- C:\Users\jayav\AppData\Local\Programs\Python\Python311\python.exe
cachedir: .pytest_cache
rootdir: C:\Users\jayav\ml\datagenkit
plugins: anyio-4.6.0
collecting ... collected 0 items / 1 error

=================================== ERRORS ====================================
___________________ ERROR collecting tests/test_pipeline.py ___________________
ImportError while importing test module 'C:\Users\jayav\ml\datagenkit\tests\test_pipeline.py'.
Hint: make sure your test modules/packages have valid Python names.
Traceback:
..\..\AppData\Local\Programs\Python\Python311\Lib\importlib\__init__.py:126: in import_module
    return _bootstrap._gcd_import(name[level:], package, level)
           ^^^^^^^^^^^^^^^^^^^^^^^^^^^^^^^^^^^^^^^^^^^^^^^^^^^^
tests\test_pipeline.py:10: in <module>
    from generator.similarity import is_similar
generator\similarity.py:2: in <module>
    from sklearn.metrics.pairwise import cosine_similarity
..\..\AppData\Local\Programs\Python\Python311\Lib\site-packages\sklearn\__init__.py:83: in <module>
    from .base import clone
..\..\AppData\Local\Programs\Python\Python311\Lib\site-packages\sklearn\base.py:19: in <module>
    from .utils import _IS_32BIT
..\..\AppData\Local\Programs\Python\Python311\Lib\site-packages\sklearn\utils\__init__.py:22: in <module>
    from ._param_validation import Interval, validate_params
..\..\AppData\Local\Programs\Python\Python311\Lib\site-packages\sklearn\utils\_param_validation.py:15: in <module>
    from .validation import _is_arraylike_not_scalar
..\..\AppData\Local\Programs\Python\Python311\Lib\site-packages\sklearn\utils\validation.py:24: in <module>
    from numpy.core.numeric import ComplexWarning  # type: ignore
    ^^^^^^^^^^^^^^^^^^^^^^^^^^^^^^^^^^^^^^^^^^^^^
E   ImportError: cannot import name 'ComplexWarning' from 'numpy.core.numeric' (C:\Users\jayav\AppData\Local\Programs\Python\Python311\Lib\site-packages\numpy\core\numeric.py)
------------------------------- Captured stderr -------------------------------

A module that was compiled using NumPy 1.x cannot be run in
NumPy 2.2.1 as it may crash. To support both 1.x and 2.x
versions of NumPy, modules must be compiled with NumPy 2.0.
Some module may need to rebuild instead e.g. with 'pybind11>=2.12'.

If you are a user of the module, the easiest solution will be to
downgrade to 'numpy<2' or try to upgrade the affected module.
We expect that some modules will need time to support NumPy 2.

Traceback (most recent call last):  File "<frozen runpy>", line 198, in _run_module_as_main
  File "<frozen runpy>", line 88, in _run_code
  File "C:\Users\jayav\AppData\Local\Programs\Python\Python311\Lib\site-packages\pytest\__main__.py", line 9, in <module>
    raise SystemExit(pytest.console_main())
  File "C:\Users\jayav\AppData\Local\Programs\Python\Python311\Lib\site-packages\_pytest\config\__init__.py", line 223, in console_main
    code = main()
  File "C:\Users\jayav\AppData\Local\Programs\Python\Python311\Lib\site-packages\_pytest\config\__init__.py", line 199, in main
    ret: ExitCode | int = config.hook.pytest_cmdline_main(config=config)
  File "C:\Users\jayav\AppData\Local\Programs\Python\Python311\Lib\site-packages\pluggy\_hooks.py", line 512, in __call__
    return self._hookexec(self.name, self._hookimpls.copy(), kwargs, firstresult)
  File "C:\Users\jayav\AppData\Local\Programs\Python\Python311\Lib\site-packages\pluggy\_manager.py", line 120, in _hookexec
    return self._inner_hookexec(hook_name, methods, kwargs, firstresult)
  File "C:\Users\jayav\AppData\Local\Programs\Python\Python311\Lib\site-packages\pluggy\_callers.py", line 121, in _multicall
    res = hook_impl.function(*args)
  File "C:\Users\jayav\AppData\Local\Programs\Python\Python311\Lib\site-packages\_pytest\main.py", line 365, in pytest_cmdline_main
    return wrap_session(config, _main)
  File "C:\Users\jayav\AppData\Local\Programs\Python\Python311\Lib\site-packages\_pytest\main.py", line 318, in wrap_session
    session.exitstatus = doit(config, session) or 0
  File "C:\Users\jayav\AppData\Local\Programs\Python\Python311\Lib\site-packages\_pytest\main.py", line 371, in _main
    config.hook.pytest_collection(session=session)
  File "C:\Users\jayav\AppData\Local\Programs\Python\Python311\Lib\site-packages\pluggy\_hooks.py", line 512, in __call__
    return self._hookexec(self.name, self._hookimpls.copy(), kwargs, firstresult)
  File "C:\Users\jayav\AppData\Local\Programs\Python\Python311\Lib\site-packages\pluggy\_manager.py", line 120, in _hookexec
    return self._inner_hookexec(hook_name, methods, kwargs, firstresult)
  File "C:\Users\jayav\AppData\Local\Programs\Python\Python311\Lib\site-packages\pluggy\_callers.py", line 121, in _multicall
    res = hook_impl.function(*args)
  File "C:\Users\jayav\AppData\Local\Programs\Python\Python311\Lib\site-packages\_pytest\main.py", line 382, in pytest_collection
    session.perform_collect()
  File "C:\Users\jayav\AppData\Local\Programs\Python\Python311\Lib\site-packages\_pytest\main.py", line 857, in perform_collect
    self.items.extend(self.genitems(node))
  File "C:\Users\jayav\AppData\Local\Programs\Python\Python311\Lib\site-packages\_pytest\main.py", line 1020, in genitems
    rep, duplicate = self._collect_one_node(node, handle_dupes)
  File "C:\Users\jayav\AppData\Local\Programs\Python\Python311\Lib\site-packages\_pytest\main.py", line 883, in _collect_one_node
    rep = collect_one_node(node)
  File "C:\Users\jayav\AppData\Local\Programs\Python\Python311\Lib\site-packages\_pytest\runner.py", line 576, in collect_one_node
    rep: CollectReport = ihook.pytest_make_collect_report(collector=collector)
  File "C:\Users\jayav\AppData\Local\Programs\Python\Python311\Lib\site-packages\pluggy\_hooks.py", line 512, in __call__
    return self._hookexec(self.name, self._hookimpls.copy(), kwargs, firstresult)
  File "C:\Users\jayav\AppData\Local\Programs\Python\Python311\Lib\site-packages\pluggy\_manager.py", line 120, in _hookexec
    return self._inner_hookexec(hook_name, methods, kwargs, firstresult)
  File "C:\Users\jayav\AppData\Local\Programs\Python\Python311\Lib\site-packages\pluggy\_callers.py", line 121, in _multicall
    res = hook_impl.function(*args)
  File "C:\Users\jayav\AppData\Local\Programs\Python\Python311\Lib\site-packages\_pytest\runner.py", line 400, in pytest_make_collect_report
    call = CallInfo.from_call(
  File "C:\Users\jayav\AppData\Local\Programs\Python\Python311\Lib\site-packages\_pytest\runner.py", line 353, in from_call
    result: TResult | None = func()
  File "C:\Users\jayav\AppData\Local\Programs\Python\Python311\Lib\site-packages\_pytest\runner.py", line 398, in collect
    return list(collector.collect())
  File "C:\Users\jayav\AppData\Local\Programs\Python\Python311\Lib\site-packages\_pytest\python.py", line 563, in collect
    self._register_setup_module_fixture()
  File "C:\Users\jayav\AppData\Local\Programs\Python\Python311\Lib\site-packages\_pytest\python.py", line 576, in _register_setup_module_fixture
    self.obj, ("setUpModule", "setup_module")
  File "C:\Users\jayav\AppData\Local\Programs\Python\Python311\Lib\site-packages\_pytest\python.py", line 289, in obj
    self._obj = obj = self._getobj()
  File "C:\Users\jayav\AppData\Local\Programs\Python\Python311\Lib\site-packages\_pytest\python.py", line 560, in _getobj
    return importtestmodule(self.path, self.config)
  File "C:\Users\jayav\AppData\Local\Programs\Python\Python311\Lib\site-packages\_pytest\python.py", line 507, in importtestmodule
    mod = import_path(
  File "C:\Users\jayav\AppData\Local\Programs\Python\Python311\Lib\site-packages\_pytest\pathlib.py", line 587, in import_path
    importlib.import_module(module_name)
  File "C:\Users\jayav\AppData\Local\Programs\Python\Python311\Lib\importlib\__init__.py", line 126, in import_module
    return _bootstrap._gcd_import(name[level:], package, level)
  File "C:\Users\jayav\AppData\Local\Programs\Python\Python311\Lib\site-packages\_pytest\assertion\rewrite.py", line 197, in exec_module
    exec(co, module.__dict__)
  File "C:\Users\jayav\ml\datagenkit\tests\test_pipeline.py", line 9, in <module>
    from generator.embeddings import EmbeddingExtractor
  File "C:\Users\jayav\ml\datagenkit\generator\embeddings.py", line 2, in <module>
    import torchvision.models as models
  File "C:\Users\jayav\AppData\Local\Programs\Python\Python311\Lib\site-packages\torchvision\__init__.py", line 6, in <module>
    from torchvision import _meta_registrations, datasets, io, models, ops, transforms, utils
  File "C:\Users\jayav\AppData\Local\Programs\Python\Python311\Lib\site-packages\torchvision\models\__init__.py", line 2, in <module>
    from .convnext import *
  File "C:\Users\jayav\AppData\Local\Programs\Python\Python311\Lib\site-packages\torchvision\models\convnext.py", line 8, in <module>
    from ..ops.misc import Conv2dNormActivation, Permute
  File "C:\Users\jayav\AppData\Local\Programs\Python\Python311\Lib\site-packages\torchvision\ops\__init__.py", line 23, in <module>
    from .poolers import MultiScaleRoIAlign
  File "C:\Users\jayav\AppData\Local\Programs\Python\Python311\Lib\site-packages\torchvision\ops\poolers.py", line 10, in <module>
    from .roi_align import roi_align
  File "C:\Users\jayav\AppData\Local\Programs\Python\Python311\Lib\site-packages\torchvision\ops\roi_align.py", line 4, in <module>
    import torch._dynamo
  File "C:\Users\jayav\AppData\Local\Programs\Python\Python311\Lib\site-packages\torch\_dynamo\__init__.py", line 64, in <module>
    torch.manual_seed = disable(torch.manual_seed)
  File "C:\Users\jayav\AppData\Local\Programs\Python\Python311\Lib\site-packages\torch\_dynamo\decorators.py", line 50, in disable
    return DisableContext()(fn)
  File "C:\Users\jayav\AppData\Local\Programs\Python\Python311\Lib\site-packages\torch\_dynamo\eval_frame.py", line 410, in __call__
    (filename is None or trace_rules.check(fn))
  File "C:\Users\jayav\AppData\Local\Programs\Python\Python311\Lib\site-packages\torch\_dynamo\trace_rules.py", line 3378, in check
    return check_verbose(obj, is_inlined_call).skipped
  File "C:\Users\jayav\AppData\Local\Programs\Python\Python311\Lib\site-packages\torch\_dynamo\trace_rules.py", line 3361, in check_verbose
    rule = torch._dynamo.trace_rules.lookup_inner(
  File "C:\Users\jayav\AppData\Local\Programs\Python\Python311\Lib\site-packages\torch\_dynamo\trace_rules.py", line 3442, in lookup_inner
    rule = get_torch_obj_rule_map().get(obj, None)
  File "C:\Users\jayav\AppData\Local\Programs\Python\Python311\Lib\site-packages\torch\_dynamo\trace_rules.py", line 2782, in get_torch_obj_rule_map
    obj = load_object(k)
  File "C:\Users\jayav\AppData\Local\Programs\Python\Python311\Lib\site-packages\torch\_dynamo\trace_rules.py", line 2811, in load_object
    val = _load_obj_from_str(x[0])
  File "C:\Users\jayav\AppData\Local\Programs\Python\Python311\Lib\site-packages\torch\_dynamo\trace_rules.py", line 2795, in _load_obj_from_str
    return getattr(importlib.import_module(module), obj_name)
  File "C:\Users\jayav\AppData\Local\Programs\Python\Python311\Lib\importlib\__init__.py", line 126, in import_module
    return _bootstrap._gcd_import(name[level:], package, level)
  File "C:\Users\jayav\AppData\Local\Programs\Python\Python311\Lib\site-packages\torch\nested\_internal\nested_tensor.py", line 417, in <module>
    values=torch.randn(3, 3, device="meta"),
============================== warnings summary ===============================
..\..\AppData\Local\Programs\Python\Python311\Lib\site-packages\torch\nested\_internal\nested_tensor.py:417
  C:\Users\jayav\AppData\Local\Programs\Python\Python311\Lib\site-packages\torch\nested\_internal\nested_tensor.py:417: UserWarning: Failed to initialize NumPy: _ARRAY_API not found (Triggered internally at ..\torch\csrc\utils\tensor_numpy.cpp:84.)
    values=torch.randn(3, 3, device="meta"),

-- Docs: https://docs.pytest.org/en/stable/how-to/capture-warnings.html
=========================== short test summary info ===========================
ERROR tests/test_pipeline.py
!!!!!!!!!!!!!!!!!!! Interrupted: 1 error during collection !!!!!!!!!!!!!!!!!!!!
========================= 1 warning, 1 error in 5.11s =========================
